Aichi {'status': 'needs-detailed-source', 'size': [1069, 954], 'iou': 0.9451, 'fill': '#000000', 'y_over_x': 1.2319, 'outline': None}
Aomori {'status': 'done', 'size': [420, 387], 'iou': 0.947, 'fill': '#000000', 'y_over_x': 1.336, 'outline': None}
Chiba {'status': 'done', 'size': [306, 390], 'iou': 0.9306, 'fill': '#000000', 'y_over_x': 1.2111, 'outline': None}
Ehime {'status': 'needs-detailed-source', 'size': [510, 365], 'iou': 0.5314, 'fill': '#000000', 'y_over_x': 0.4294, 'outline': None}
Fukui {'status': 'below-threshold', 'size': [443, 396], 'iou': 0.7917, 'fill': '#000000', 'y_over_x': 1.4298, 'outline': None}
Fukuoka {'status': 'done', 'size': [400, 400], 'iou': 0.9377, 'fill': '#000000', 'y_over_x': 1.1824, 'outline': None}
Fukushima {'status': 'needs-detailed-source', 'size': [504, 401], 'iou': 0.9795, 'fill': '#000000', 'y_over_x': 1.2865, 'outline': None}
Gifu {'status': 'done', 'size': [337, 387], 'iou': 0.9605, 'fill': '#000000', 'y_over_x': 1.2051, 'outline': None}
Gunma {'status': 'below-threshold', 'size': [390, 390], 'iou': 0.7415, 'fill': '#000000', 'y_over_x': 0.8759, 'outline': None}
Hiroshima {'status': 'below-threshold', 'size': [463, 395], 'iou': 0.8964, 'fill': '#000000', 'y_over_x': 1.1916, 'outline': None}
Hokkaido {'status': 'needs-detailed-source', 'size': [550, 400], 'iou': 0.6395, 'fill': '#000000', 'y_over_x': 1.5383, 'outline': None}
Hyogo {'status': 'below-threshold', 'size': [287, 391], 'iou': 0.8832, 'fill': '#000000', 'y_over_x': 1.1554, 'outline': None}
Ibaraki {'status': 'below-threshold', 'size': [326, 390], 'iou': 0.9262, 'fill': '#000000', 'y_over_x': 1.2334, 'outline': None}
Ishikawa {'status': 'below-threshold', 'size': [259, 395], 'iou': 0.8946, 'fill': '#000000', 'y_over_x': 1.2517, 'outline': None}
Kagawa {'status': 'needs-detailed-source', 'size': [505, 379], 'iou': 0.8767, 'fill': '#000000', 'y_over_x': 1.2239, 'outline': None}
Kanagawa {'status': 'below-threshold', 'size': [479, 382], 'iou': 0.9207, 'fill': '#000000', 'y_over_x': 1.3255, 'outline': None}
Kochi {'status': 'needs-detailed-source', 'size': [508, 380], 'iou': 0.8279, 'fill': '#000000', 'y_over_x': 1.09, 'outline': None}
Kumamoto {'status': 'below-threshold', 'size': [340, 388], 'iou': 0.6316, 'fill': '#000000', 'y_over_x': 1.7314, 'outline': None}
Kyoto {'status': 'below-threshold', 'size': [381, 392], 'iou': 0.9283, 'fill': '#000000', 'y_over_x': 1.1637, 'outline': None}
Mie {'status': 'below-threshold', 'size': [268, 390], 'iou': 0.7946, 'fill': '#000000', 'y_over_x': 0.9475, 'outline': None}
Miyagi {'status': 'below-threshold', 'size': [344, 400], 'iou': 0.8827, 'fill': '#000000', 'y_over_x': 1.3715, 'outline': None}
Miyazaki {'status': 'done', 'size': [296, 395], 'iou': 0.9595, 'fill': '#000000', 'y_over_x': 1.1699, 'outline': None}
Nagano {'status': 'done', 'size': [273, 393], 'iou': 0.9662, 'fill': '#000000', 'y_over_x': 1.1719, 'outline': None}
Nagasaki {'status': 'needs-detailed-source', 'size': [501, 329], 'iou': 0.2262, 'fill': '#000000', 'y_over_x': 0.5672, 'outline': None}
Nara {'status': 'done', 'size': [258, 389], 'iou': 0.9427, 'fill': '#000000', 'y_over_x': 1.178, 'outline': None}
Niigata {'status': 'needs-detailed-source', 'size': [508, 390], 'iou': 0.6851, 'fill': '#000000', 'y_over_x': 0.813, 'outline': None}
Oita {'status': 'below-threshold', 'size': [441, 396], 'iou': 0.8325, 'fill': '#000000', 'y_over_x': 1.1963, 'outline': None}
Okayama {'status': 'done', 'size': [399, 389], 'iou': 0.9585, 'fill': '#000000', 'y_over_x': 1.2181, 'outline': None}
Saga {'status': 'below-threshold', 'size': [409, 392], 'iou': 0.9172, 'fill': '#000000', 'y_over_x': 1.1865, 'outline': None}
Saitama {'status': 'needs-detailed-source', 'size': [515, 283], 'iou': 0.9537, 'fill': '#000000', 'y_over_x': 1.2195, 'outline': None}
Shiga {'status': 'below-threshold', 'size': [252, 392], 'iou': 0.8054, 'fill': '#000000', 'y_over_x': 1.2277, 'outline': None}
Shimane {'status': 'needs-detailed-source', 'size': [504, 357], 'iou': 0.6619, 'fill': '#000000', 'y_over_x': 0.7037, 'outline': None}
Shizuoka {'status': 'needs-detailed-source', 'size': [510, 388], 'iou': 0.9381, 'fill': '#000000', 'y_over_x': 1.2624, 'outline': None}
Tochigi {'status': 'done', 'size': [364, 392], 'iou': 0.9726, 'fill': '#000000', 'y_over_x': 1.2442, 'outline': None}
Tokushima {'status': 'done', 'size': [498, 393], 'iou': 0.9589, 'fill': '#000000', 'y_over_x': 1.2512, 'outline': None}
Tottori {'status': 'needs-detailed-source', 'size': [505, 259], 'iou': 0.9305, 'fill': '#000000', 'y_over_x': 1.1937, 'outline': None}
Toyama {'status': 'done', 'size': [462, 391], 'iou': 0.9478, 'fill': '#000000', 'y_over_x': 1.2589, 'outline': None}
Wakayama {'status': 'below-threshold', 'size': [347, 387], 'iou': 0.9162, 'fill': '#000000', 'y_over_x': 1.1824, 'outline': None}
Yamagata {'status': 'done', 'size': [263, 392], 'iou': 0.9601, 'fill': '#000000', 'y_over_x': 1.2412, 'outline': None}
Yamaguchi {'status': 'needs-detailed-source', 'size': [506, 334], 'iou': 0.7769, 'fill': '#000000', 'y_over_x': 1.1416, 'outline': None}
Yamanashi {'status': 'done', 'size': [377, 393], 'iou': 0.9714, 'fill': '#000000', 'y_over_x': 1.2457, 'outline': None}
